2026-08-19 23:53:10.180 [main] [--] INFO  order-service-c.t.e.o.OrderServiceApplication - Starting OrderServiceApplication using Java 22.0.2 with PID 42864 (D:\ecommerce-microservices\order-service\target\classes started by tanis in D:\ecommerce-microservices\order-service)
2026-08-19 23:53:10.182 [main] [--] INFO  order-service-c.t.e.o.OrderServiceApplication - No active profile set, falling back to 1 default profile: "default"
2026-08-19 23:53:11.138 [main] [--] INFO  order-service-o.s.d.r.c.RepositoryConfigurationDelegate - Bootstrapping Spring Data JPA repositories in DEFAULT mode.
2026-08-19 23:53:11.287 [main] [--] INFO  order-service-o.s.d.r.c.RepositoryConfigurationDelegate - Finished Spring Data repository scanning in 140 ms. Found 1 JPA repository interface.
2026-08-19 23:53:11.581 [main] [--] INFO  order-service-o.s.cloud.context.scope.GenericScope - BeanFactory id=5265f574-8dcd-375d-8401-7cdcc013970e
2026-08-19 23:53:12.310 [main] [--] INFO  order-service-o.s.b.w.e.tomcat.TomcatWebServer - Tomcat initialized with port 9092 (http)
2026-08-19 23:53:12.327 [main] [--] INFO  order-service-o.a.coyote.http11.Http11NioProtocol - Initializing ProtocolHandler ["http-nio-9092"]
2026-08-19 23:53:12.335 [main] [--] INFO  order-service-o.a.catalina.core.StandardService - Starting service [Tomcat]
2026-08-19 23:53:12.335 [main] [--] INFO  order-service-o.a.catalina.core.StandardEngine - Starting Servlet engine: [Apache Tomcat/10.1.28]
2026-08-19 23:53:12.429 [main] [--] INFO  order-service-o.a.c.c.C.[.[localhost].[/orders] - Initializing Spring embedded WebApplicationContext
2026-08-19 23:53:12.430 [main] [--] INFO  order-service-o.s.b.w.s.c.ServletWebServerApplicationContext - Root WebApplicationContext: initialization completed in 2203 ms
2026-08-19 23:53:12.793 [main] [--] INFO  order-service-o.h.jpa.internal.util.LogHelper - HHH000204: Processing PersistenceUnitInfo [name: default]
2026-08-19 23:53:12.860 [main] [--] INFO  order-service-org.hibernate.Version - HHH000412: Hibernate ORM core version 6.5.2.Final
2026-08-19 23:53:12.895 [main] [--] INFO  order-service-o.h.c.i.RegionFactoryInitiator - HHH000026: Second-level cache disabled
2026-08-19 23:53:13.187 [main] [--] INFO  order-service-o.s.o.j.p.SpringPersistenceUnitInfo - No LoadTimeWeaver setup: ignoring JPA class transformer
2026-08-19 23:53:13.213 [main] [--] INFO  order-service-com.zaxxer.hikari.HikariDataSource - HikariPool-1 - Starting...
2026-08-19 23:53:13.387 [main] [--] INFO  order-service-com.zaxxer.hikari.pool.HikariPool - HikariPool-1 - Added connection org.postgresql.jdbc.PgConnection@e2344da
2026-08-19 23:53:13.388 [main] [--] INFO  order-service-com.zaxxer.hikari.HikariDataSource - HikariPool-1 - Start completed.
2026-08-19 23:53:14.259 [main] [--] INFO  order-service-o.h.e.t.j.p.i.JtaPlatformInitiator - HHH000489: No JTA platform available (set 'hibernate.transaction.jta.platform' to enable JTA platform integration)
2026-08-19 23:53:14.278 [main] [--] WARN  order-service-o.h.e.jdbc.spi.SqlExceptionHelper - SQL Warning Code: 0, SQLState: 00000
2026-08-19 23:53:14.279 [main] [--] WARN  order-service-o.h.e.jdbc.spi.SqlExceptionHelper - relation "order_item" does not exist, skipping
2026-08-19 23:53:14.279 [main] [--] WARN  order-service-o.h.e.jdbc.spi.SqlExceptionHelper - SQL Warning Code: 0, SQLState: 00000
2026-08-19 23:53:14.279 [main] [--] WARN  order-service-o.h.e.jdbc.spi.SqlExceptionHelper - table "order_item" does not exist, skipping
2026-08-19 23:53:14.280 [main] [--] WARN  order-service-o.h.e.jdbc.spi.SqlExceptionHelper - SQL Warning Code: 0, SQLState: 00000
2026-08-19 23:53:14.280 [main] [--] WARN  order-service-o.h.e.jdbc.spi.SqlExceptionHelper - table "orders" does not exist, skipping
2026-08-19 23:53:14.382 [main] [--] INFO  order-service-o.s.o.j.LocalContainerEntityManagerFactoryBean - Initialized JPA EntityManagerFactory for persistence unit 'default'
2026-08-19 23:53:14.784 [main] [--] WARN  order-service-o.s.b.a.o.j.JpaBaseConfiguration$JpaWebConfiguration - spring.jpa.open-in-view is enabled by default. Therefore, database queries may be performed during view rendering. Explicitly configure spring.jpa.open-in-view to disable this warning
2026-08-19 23:53:14.898 [main] [--] INFO  order-service-o.s.c.o.FeignClientFactoryBean - For 'inventory-service' URL not provided. Will try picking an instance via load-balancing.
2026-08-19 23:53:16.225 [main] [--] INFO  order-service-o.s.c.n.e.c.DiscoveryClientOptionalArgsConfiguration - Eureka HTTP Client uses RestTemplate.
2026-08-19 23:53:16.290 [main] [--] WARN  order-service-o.s.c.l.c.LoadBalancerCacheAutoConfiguration$LoadBalancerCaffeineWarnLogger - Spring Cloud LoadBalancer is currently working with the default cache. While this cache implementation is useful for development and tests, it's recommended to use Caffeine cache in production.You can switch to using Caffeine cache, by adding it and org.springframework.cache.caffeine.CaffeineCacheManager to the classpath.
2026-08-19 23:53:16.317 [main] [--] INFO  order-service-o.s.b.a.e.web.EndpointLinksResolver - Exposing 1 endpoint beneath base path '/actuator'
2026-08-19 23:53:16.381 [main] [--] INFO  order-service-o.s.c.n.eureka.InstanceInfoFactory - Setting initial instance status as: STARTING
2026-08-19 23:53:16.406 [main] [--] INFO  order-service-c.netflix.discovery.DiscoveryClient - Initializing Eureka in region us-east-1
2026-08-19 23:53:16.410 [main] [--] INFO  order-service-c.n.d.s.r.aws.ConfigClusterResolver - Resolving eureka endpoints via configuration
2026-08-19 23:53:16.419 [main] [--] INFO  order-service-c.netflix.discovery.DiscoveryClient - Disable delta property : false
2026-08-19 23:53:16.419 [main] [--] INFO  order-service-c.netflix.discovery.DiscoveryClient - Single vip registry refresh property : null
2026-08-19 23:53:16.419 [main] [--] INFO  order-service-c.netflix.discovery.DiscoveryClient - Force full registry fetch : false
2026-08-19 23:53:16.419 [main] [--] INFO  order-service-c.netflix.discovery.DiscoveryClient - Application is null : false
2026-08-19 23:53:16.419 [main] [--] INFO  order-service-c.netflix.discovery.DiscoveryClient - Registered Applications size is zero : true
2026-08-19 23:53:16.419 [main] [--] INFO  order-service-c.netflix.discovery.DiscoveryClient - Application version is -1: true
2026-08-19 23:53:16.419 [main] [--] INFO  order-service-c.netflix.discovery.DiscoveryClient - Getting all instance registry info from the eureka server
2026-08-19 23:53:16.803 [main] [--] INFO  order-service-c.netflix.discovery.DiscoveryClient - The response status is 200
2026-08-19 23:53:16.805 [main] [--] INFO  order-service-c.netflix.discovery.DiscoveryClient - Starting heartbeat executor: renew interval is: 30
2026-08-19 23:53:16.806 [main] [--] INFO  order-service-c.n.discovery.InstanceInfoReplicator - InstanceInfoReplicator onDemand update allowed rate per min is 4
2026-08-19 23:53:16.808 [main] [--] INFO  order-service-c.netflix.discovery.DiscoveryClient - Discovery Client initialized at timestamp 1787163796807 with initial instances count: 2
2026-08-19 23:53:16.824 [main] [--] INFO  order-service-o.s.c.n.e.s.EurekaServiceRegistry - Registering application ORDER-SERVICE with eureka with status UP
2026-08-19 23:53:16.825 [main] [--] INFO  order-service-c.netflix.discovery.DiscoveryClient - Saw local status change event StatusChangeEvent [timestamp=1787163796825, current=UP, previous=STARTING]
2026-08-19 23:53:16.826 [main] [--] INFO  order-service-o.a.coyote.http11.Http11NioProtocol - Starting ProtocolHandler ["http-nio-9092"]
2026-08-19 23:53:16.826 [DiscoveryClient-InstanceInfoReplicator-%d] [--] INFO  order-service-c.netflix.discovery.DiscoveryClient - DiscoveryClient_ORDER-SERVICE/TANISH.mshome.net:order-service:9092: registering service...
2026-08-19 23:53:16.845 [main] [--] INFO  order-service-o.s.b.w.e.tomcat.TomcatWebServer - Tomcat started on port 9092 (http) with context path '/orders'
2026-08-19 23:53:16.845 [main] [--] INFO  order-service-o.s.c.n.e.s.EurekaAutoServiceRegistration - Updating port to 9092
2026-08-19 23:53:16.857 [DiscoveryClient-InstanceInfoReplicator-%d] [--] INFO  order-service-c.netflix.discovery.DiscoveryClient - DiscoveryClient_ORDER-SERVICE/TANISH.mshome.net:order-service:9092 - registration status: 204
2026-08-19 23:53:16.869 [main] [--] INFO  order-service-c.t.e.o.OrderServiceApplication - Started OrderServiceApplication in 7.231 seconds (process running for 7.781)
2026-08-19 23:58:16.425 [AsyncResolver-bootstrap-executor-%d] [--] INFO  order-service-c.n.d.s.r.aws.ConfigClusterResolver - Resolving eureka endpoints via configuration
